// Jest Snapshot v1, https://goo.gl/fbAQLP

exports[`getAllTradesForYear function should return an html page when passed a url 1`] = `false`;
