// Jest Snapshot v1, https://goo.gl/fbAQLP

exports[`getAllTradesForYear function should return an html page when passed a url 1`] = `
[
  [
    {
      "comment": null,
      "date": "March 14, 1978",
      "teams": {
        "Chicago Blackhawks": [
          {
            "hockeyDBid": "2269",
            "name": "Doug Hicks",
          },
          {
            "name": "1980 3rd round pick #58-Marcel Frere",
          },
        ],
        "Minnesota North Stars": [
          {
            "name": "future considerations Pierre Plante",
          },
          {
            "name": "rights to Ed Mio",
          },
        ],
      },
    },
    {
      "comment": null,
      "date": "March 13, 1978",
      "teams": {
        "Boston Bruins": [
          {
            "name": "cash",
          },
        ],
        "Los Angeles Kings": [
          {
            "hockeyDBid": "1533",
            "name": "Darryl Edestrand",
          },
        ],
      },
    },
    {
      "comment": null,
      "date": "March 13, 1978",
      "teams": {
        "Detroit Red Wings": [
          {
            "name": "1978 2nd round pick #31-Al Jensen",
          },
          {
            "name": "1978 1st round pick #12-Brent Peterson",
          },
          {
            "hockeyDBid": "5383",
            "name": "Errol Thompson",
          },
          {
            "name": "1980 1st round pick #11-Mike Blaisdell",
          },
        ],
        "Toronto Maple Leafs": [
          {
            "hockeyDBid": "3354",
            "name": "Dan Maloney",
          },
          {
            "name": "1980 2nd round pick #25-Craig Muni",
          },
        ],
      },
    },
    {
      "comment": null,
      "date": "February 19, 1978",
      "teams": {
        "Minnesota North Stars": [
          {
            "hockeyDBid": "5039",
            "name": "Gary Smith",
          },
        ],
        "Washington Capitals": [
          {
            "name": "cash",
          },
        ],
      },
    },
    {
      "comment": null,
      "date": "February 11, 1978",
      "teams": {
        "Detroit Red Wings": [
          {
            "name": "future considerations cash",
          },
        ],
        "Hartford Whalers": [
          {
            "hockeyDBid": "4913",
            "name": "Tim Sheehy",
          },
        ],
      },
    },
    {
      "comment": null,
      "date": "January 29, 1978",
      "teams": {
        "Toronto Maple Leafs": [
          {
            "name": "cash",
          },
        ],
        "Vancouver Canucks": [
          {
            "hockeyDBid": "5962",
            "name": "Claire Alexander",
          },
        ],
      },
    },
    {
      "comment": null,
      "date": "January 27, 1978",
      "teams": {
        "Chicago Blackhawks": [
          {
            "hockeyDBid": "2570",
            "name": "Eddie Johnston",
          },
        ],
        "St. Louis Blues": [
          {
            "name": "cash",
          },
        ],
      },
    },
    {
      "comment": null,
      "date": "January 14, 1978",
      "teams": {
        "Los Angeles Kings": [
          {
            "name": "1980 2nd round pick #33-Greg Terrion",
          },
        ],
        "St. Louis Blues": [
          {
            "hockeyDBid": "2775",
            "name": "Neil Komadoski",
          },
        ],
      },
    },
    {
      "comment": null,
      "date": "January 12, 1978",
      "teams": {
        "Cleveland Barons": [
          {
            "hockeyDBid": "4023",
            "name": "Dennis O\`Brien",
          },
        ],
        "Colorado Rockies": [
          {
            "hockeyDBid": "980",
            "name": "Mike Christie",
          },
        ],
      },
    },
    {
      "comment": null,
      "date": "January 10, 1978",
      "teams": {
        "Cleveland Barons": [
          {
            "hockeyDBid": "4189",
            "name": "Jean-Paul Parise",
          },
          {
            "hockeyDBid": "4357",
            "name": "Jean Potvin",
          },
          {
            "name": "1978 4th round pick not exercised due to Barons-North Stars merger in 1978",
          },
        ],
        "New York Islanders": [
          {
            "hockeyDBid": "3683",
            "name": "Wayne Merrick",
          },
          {
            "name": "1978 4th round pick cancelled by Barons-North Stars merger in 1978",
          },
          {
            "name": "future considerations Darcy Regier",
          },
        ],
      },
    },
    {
      "comment": null,
      "date": "January 9, 1978",
      "teams": {
        "Detroit Red Wings": [
          {
            "name": "1978 3rd round pick #53-Doug Derkson",
          },
          {
            "name": "rights to Barry Long",
          },
        ],
        "Los Angeles Kings": [
          {
            "hockeyDBid": "2001",
            "name": "Danny Grant",
          },
        ],
      },
    },
    {
      "comment": null,
      "date": "January 9, 1978",
      "teams": {
        "Colorado Rockies": [
          {
            "hockeyDBid": "3929",
            "name": "Bob Neely",
          },
        ],
        "Toronto Maple Leafs": [
          {
            "name": "cash",
          },
        ],
      },
    },
    {
      "comment": null,
      "date": "January 9, 1978",
      "teams": {
        "Cleveland Barons": [
          {
            "hockeyDBid": "109",
            "name": "Chuck Arnason",
          },
          {
            "hockeyDBid": "2543",
            "name": "Rick Jodzio",
          },
        ],
        "Colorado Rockies": [
          {
            "hockeyDBid": "5948",
            "name": "Fred Ahern",
          },
          {
            "hockeyDBid": "2742",
            "name": "Ralph Klassen",
          },
        ],
      },
    },
    {
      "comment": null,
      "date": "December 12, 1977",
      "teams": {
        "Atlanta Flames": [
          {
            "hockeyDBid": "293",
            "name": "Yves Belanger",
          },
          {
            "hockeyDBid": "3300",
            "name": "Bob MacMillan",
          },
          {
            "hockeyDBid": "4503",
            "name": "Dick Redmond",
          },
          {
            "name": "1978 2nd round pick #23-Mike Perovich",
          },
        ],
        "St. Louis Blues": [
          {
            "hockeyDBid": "322",
            "name": "Curt Bennett",
          },
          {
            "hockeyDBid": "1893",
            "name": "Barry Gibbs",
          },
          {
            "hockeyDBid": "3884",
            "name": "Phil Myre",
          },
        ],
      },
    },
    {
      "comment": null,
      "date": "December 9, 1977",
      "teams": {
        "Cleveland Barons": [
          {
            "hockeyDBid": "3586",
            "name": "Walt McKechnie",
          },
        ],
        "Washington Capitals": [
          {
            "hockeyDBid": "1919",
            "name": "Bob Girard",
          },
          {
            "name": "1978 2nd round pick #23-Paul McKinnon",
          },
        ],
      },
    },
    {
      "comment": null,
      "date": "December 2, 1977",
      "teams": {
        "Chicago Blackhawks": [
          {
            "name": "1980 4th round pick #67-Carey Wilson",
          },
        ],
        "Detroit Red Wings": [
          {
            "hockeyDBid": "2411",
            "name": "Dennis Hull",
          },
        ],
      },
    },
    {
      "comment": null,
      "date": "December 2, 1977",
      "teams": {
        "Colorado Rockies": [
          {
            "hockeyDBid": "4102",
            "name": "Dennis Owchar",
          },
        ],
        "Pittsburgh Penguins": [
          {
            "hockeyDBid": "1536",
            "name": "Tom Edur",
          },
        ],
      },
    },
    {
      "comment": null,
      "date": "November 29, 1977",
      "teams": {
        "Montreal Canadiens": [
          {
            "hockeyDBid": "2985",
            "name": "Pierre Larouche",
          },
          {
            "name": "future considerations rights to Peter Marsh",
          },
        ],
        "Pittsburgh Penguins": [
          {
            "hockeyDBid": "3069",
            "name": "Peter Lee",
          },
          {
            "hockeyDBid": "3324",
            "name": "Pete Mahovlich",
          },
        ],
      },
    },
    {
      "comment": null,
      "date": "November 23, 1977",
      "teams": {
        "Chicago Blackhawks": [
          {
            "hockeyDBid": "2698",
            "name": "Reg Kerr",
          },
        ],
        "Cleveland Barons": [
          {
            "hockeyDBid": "2345",
            "name": "Randy Holt",
          },
        ],
      },
    },
    {
      "comment": null,
      "date": "November 21, 1977",
      "teams": {
        "Los Angeles Kings": [
          {
            "hockeyDBid": "841",
            "name": "Larry Carriere",
          },
        ],
        "Vancouver Canucks": [
          {
            "hockeyDBid": "2627",
            "name": "Sheldon Kannegiesser",
          },
        ],
      },
    },
  ],
  [
    {
      "comment": null,
      "date": "November 4, 1977",
      "teams": {
        "Chicago Blackhawks": [
          {
            "name": "future considerations Murray Bannerman",
          },
        ],
        "Vancouver Canucks": [
          {
            "hockeyDBid": "3430",
            "name": "Pit Martin",
          },
        ],
      },
    },
    {
      "comment": null,
      "date": "November 2, 1977",
      "teams": {
        "Los Angeles Kings": [
          {
            "hockeyDBid": "96",
            "name": "Syl Apps Jr.",
          },
          {
            "hockeyDBid": "3773",
            "name": "Hartland Monahan",
          },
        ],
        "Pittsburgh Penguins": [
          {
            "hockeyDBid": "839",
            "name": "Gene Carr",
          },
          {
            "hockeyDBid": "4826",
            "name": "Dave Schultz",
          },
          {
            "name": "1978 4th round pick #61-Shane Pearsall",
          },
        ],
      },
    },
    {
      "comment": null,
      "date": "November 1, 1977",
      "teams": {
        "St. Louis Blues": [
          {
            "hockeyDBid": "2117",
            "name": "Inge Hammarstrom",
          },
        ],
        "Toronto Maple Leafs": [
          {
            "hockeyDBid": "701",
            "name": "Jerry Butler",
          },
        ],
      },
    },
    {
      "comment": null,
      "date": "November 1, 1977",
      "teams": {
        "Detroit Red Wings": [
          {
            "name": "cash",
          },
        ],
        "Philadelphia Flyers": [
          {
            "hockeyDBid": "3871",
            "name": "Terry Murray",
          },
        ],
      },
    },
    {
      "comment": null,
      "date": "October 28, 1977",
      "teams": {
        "Minnesota North Stars": [
          {
            "hockeyDBid": "323",
            "name": "Harvey Bennett Jr.",
          },
        ],
        "Philadelphia Flyers": [
          {
            "hockeyDBid": "1486",
            "name": "Blake Dunlop",
          },
          {
            "name": "1978 3rd round pick #37-Gord Salt",
          },
        ],
      },
    },
    {
      "comment": null,
      "date": "October 20, 1977",
      "teams": {
        "Detroit Red Wings": [
          {
            "hockeyDBid": "5116",
            "name": "Andre St. Laurent",
          },
        ],
        "New York Islanders": [
          {
            "hockeyDBid": "348",
            "name": "Michel Bergeron",
          },
        ],
      },
    },
    {
      "comment": null,
      "date": "October 16, 1977",
      "teams": {
        "Pittsburgh Penguins": [
          {
            "hockeyDBid": "3773",
            "name": "Hartland Monahan",
          },
        ],
        "Washington Capitals": [
          {
            "name": "1979 1st round pick #10-Tom J. McCarthy",
          },
        ],
      },
    },
    {
      "comment": null,
      "date": "October 1, 1977",
      "teams": {
        "Pittsburgh Penguins": [
          {
            "hockeyDBid": "4144",
            "name": "Bob Paradise",
          },
        ],
        "Washington Capitals": [
          {
            "name": "rights to Don Awrey",
          },
        ],
      },
    },
    {
      "comment": null,
      "date": "September 22, 1977",
      "teams": {
        "Buffalo Sabres": [
          {
            "name": "cash",
          },
        ],
        "Colorado Rockies": [
          {
            "hockeyDBid": "2543",
            "name": "Rick Jodzio",
          },
        ],
      },
    },
    {
      "comment": null,
      "date": "September 20, 1977",
      "teams": {
        "Buffalo Sabres": [
          {
            "hockeyDBid": "4816",
            "name": "Ron Schock",
          },
        ],
        "Pittsburgh Penguins": [
          {
            "hockeyDBid": "5101",
            "name": "Brian Spencer",
          },
        ],
      },
    },
    {
      "comment": null,
      "date": "September 7, 1977",
      "teams": {
        "Boston Bruins": [
          {
            "name": "cash",
          },
        ],
        "Colorado Rockies": [
          {
            "name": "rights to Tom Edur",
          },
        ],
      },
    },
    {
      "comment": null,
      "date": "August 31, 1977",
      "teams": {
        "Los Angeles Kings": [
          {
            "name": "right to restricted free agent Pete Stemkowski",
          },
        ],
        "New York Rangers": [
          {
            "name": "future considerations 1978 3rd round pick #44-Dean Turner",
          },
        ],
      },
    },
    {
      "comment": null,
      "date": "August 18, 1977",
      "teams": {
        "Montreal Canadiens": [
          {
            "name": "1979 3rd round pick #44-Guy Carbonneau",
          },
        ],
        "St. Louis Blues": [
          {
            "hockeyDBid": "10168",
            "name": "Jim Roberts",
          },
        ],
      },
    },
    {
      "comment": null,
      "date": "August 18, 1977",
      "teams": {
        "Atlanta Flames": [
          {
            "name": "cash",
          },
        ],
        "Detroit Red Wings": [
          {
            "hockeyDBid": "529",
            "name": "Rick Bowness",
          },
        ],
      },
    },
    {
      "comment": null,
      "date": "August 17, 1977",
      "teams": {
        "Cleveland Barons": [
          {
            "name": "rights to Mike Eaves",
          },
        ],
        "St. Louis Blues": [
          {
            "hockeyDBid": "1787",
            "name": "Len Frig",
          },
        ],
      },
    },
    {
      "comment": null,
      "date": "August 17, 1977",
      "teams": {
        "Detroit Red Wings": [
          {
            "name": "1979 3rd round pick #46-Boris Fistric",
          },
          {
            "name": "rights to restricted free agent Ron Low",
          },
        ],
        "Washington Capitals": [
          {
            "hockeyDBid": "3586",
            "name": "Walt McKechnie",
          },
          {
            "name": "1978 3rd round pick #45-Jay Johnston",
          },
          {
            "name": "1979 2nd round pick #24-Errol Rausse",
          },
        ],
      },
    },
    {
      "comment": null,
      "date": "August 9, 1977",
      "teams": {
        "Chicago Blackhawks": [
          {
            "hockeyDBid": "4311",
            "name": "Pierre Plante",
          },
        ],
        "St. Louis Blues": [
          {
            "hockeyDBid": "4503",
            "name": "Dick Redmond",
          },
        ],
      },
    },
    {
      "comment": null,
      "date": "August 5, 1977",
      "teams": {
        "Colorado Rockies": [
          {
            "hockeyDBid": "5268",
            "name": "Mark Suzor",
          },
        ],
        "Philadelphia Flyers": [
          {
            "hockeyDBid": "1303",
            "name": "Barry Dean",
          },
        ],
      },
    },
    {
      "comment": "Exact date unknown",
      "date": "August 1, 1977",
      "teams": {
        "Atlanta Flames": [
          {
            "name": "future considerations",
          },
        ],
        "Detroit Red Wings": [
          {
            "hockeyDBid": "3547",
            "name": "Al McDonough",
          },
        ],
      },
    },
    {
      "comment": null,
      "date": "June 17, 1977",
      "teams": {
        "Los Angeles Kings": [
          {
            "hockeyDBid": "6689",
            "name": "Steve Short",
          },
        ],
        "Philadelphia Flyers": [
          {
            "name": "future considerations Paul Evans",
          },
        ],
      },
    },
  ],
  [
    {
      "comment": null,
      "date": "June 14, 1977",
      "teams": {
        "Montreal Canadiens": [
          {
            "name": "1977 9th round pick #152-Barry Borrett",
          },
        ],
        "New York Islanders": [
          {
            "name": "cash",
          },
        ],
      },
    },
    {
      "comment": null,
      "date": "June 14, 1977",
      "teams": {
        "Montreal Canadiens": [
          {
            "name": "1977 tenth round pick #160-Mark Holden",
          },
        ],
        "New York Islanders": [
          {
            "name": "cash",
          },
        ],
      },
    },
    {
      "comment": null,
      "date": "June 14, 1977",
      "teams": {
        "Montreal Canadiens": [
          {
            "name": "1977 thirteenth round pick #176-Mark Wells",
          },
        ],
        "New York Islanders": [
          {
            "name": "cash",
          },
        ],
      },
    },
    {
      "comment": null,
      "date": "June 14, 1977",
      "teams": {
        "Montreal Canadiens": [
          {
            "name": "1977 twelfth round pick #173-Cary Farelli",
          },
        ],
        "New York Islanders": [
          {
            "name": "cash",
          },
        ],
      },
    },
    {
      "comment": null,
      "date": "June 14, 1977",
      "teams": {
        "Montreal Canadiens": [
          {
            "name": "1977 14th round pick #179-Jean Belisle",
          },
        ],
        "New York Islanders": [
          {
            "name": "cash",
          },
        ],
      },
    },
    {
      "comment": null,
      "date": "June 14, 1977",
      "teams": {
        "Montreal Canadiens": [
          {
            "name": "1977 8th round pick #137-Keith Hendrickson",
          },
        ],
        "New York Islanders": [
          {
            "name": "cash",
          },
        ],
      },
    },
    {
      "comment": null,
      "date": "June 14, 1977",
      "teams": {
        "Montreal Canadiens": [
          {
            "name": "1977 eleventh round pick #167-Daniel Poulin",
          },
        ],
        "New York Islanders": [
          {
            "name": "cash",
          },
        ],
      },
    },
    {
      "comment": null,
      "date": "June 14, 1977",
      "teams": {
        "Montreal Canadiens": [
          {
            "name": "1977 fifteenth round pick #182-Bob Boileau",
          },
        ],
        "New York Islanders": [
          {
            "name": "cash",
          },
        ],
      },
    },
    {
      "comment": null,
      "date": "June 14, 1977",
      "teams": {
        "Buffalo Sabres": [
          {
            "name": "cash",
          },
        ],
        "Philadelphia Flyers": [
          {
            "name": "1977 8th round pick #136-Clint Eccles",
          },
        ],
      },
    },
    {
      "comment": null,
      "date": "June 14, 1977",
      "teams": {
        "Buffalo Sabres": [
          {
            "name": "cash",
          },
        ],
        "Philadelphia Flyers": [
          {
            "name": "1977 eleventh round pick #166-Barry Duench",
          },
        ],
      },
    },
    {
      "comment": null,
      "date": "June 14, 1977",
      "teams": {
        "Buffalo Sabres": [
          {
            "name": "cash",
          },
        ],
        "Philadelphia Flyers": [
          {
            "name": "1977 9th round pick #151-Michel Bauman",
          },
        ],
      },
    },
    {
      "comment": null,
      "date": "June 14, 1977",
      "teams": {
        "Buffalo Sabres": [
          {
            "name": "cash",
          },
        ],
        "Philadelphia Flyers": [
          {
            "name": "1977 tenth round pick #159-Dave Isherwood",
          },
        ],
      },
    },
    {
      "comment": null,
      "date": "May 23, 1977",
      "teams": {
        "Atlanta Flames": [
          {
            "hockeyDBid": "1294",
            "name": "Ab DeMarco Jr.",
          },
        ],
        "Los Angeles Kings": [
          {
            "hockeyDBid": "3366",
            "name": "Randy Manery",
          },
        ],
      },
    },
  ],
]
`;
